Microchip MPLAB XC8 Compiler V2.45

Linker command line:

-W-3 \
  --edf=C:\Program Files\Microchip\xc8\v2.45\pic\dat\20230818022343_en.msgs \
  -cn -h+dist/default/production\LM35_CB_NhietDo_.X.production.sym \
  --cmf=dist/default/production\LM35_CB_NhietDo_.X.production.cmf -z \
  -Q16F877A -oC:\Users\Khanh\AppData\Local\Temp\xcAsdlg.\driver_tmp_3.o \
  --defsym=__MPLAB_BUILD=1 --fixupoverflow=error \
  -Mdist/default/production/LM35_CB_NhietDo_.X.production.map \
  --md=C:\Users\Khanh\AppData\Local\Temp\xcAsdlg.\driver_tmp_0.dat -E1 \
  -ver=XC8 Compiler --acfsm=1493 -ACODE=00h-07FFhx4 -ASTRCODE=00h-01FFFh \
  -ASTRING=00h-0FFhx32 -ACONST=00h-0FFhx32 -AENTRY=00h-0FFhx32 \
  -ACOMMON=070h-07Fh -ABANK0=020h-06Fh -ABANK1=0A0h-0EFh \
  -ABANK2=0110h-016Fh -ABANK3=0190h-01EFh \
  -ARAM=020h-06Fh,0A0h-0EFh,0110h-016Fh,0190h-01EFh \
  -AABS1=020h-07Fh,0A0h-0EFh,0110h-016Fh,0190h-01EFh -ASFR0=00h-01Fh \
  -ASFR1=080h-09Fh -ASFR2=0100h-010Fh -ASFR3=0180h-018Fh \
  -ACONFIG=02007h-02007h -DCONFIG=2 -AIDLOC=02000h-02003h -DIDLOC=2 \
  -AEEDATA=00h-0FFh/02100h -peeprom_data=EEDATA -DEEDATA=2 -DCODE=2 \
  -DSTRCODE=2 -DSTRING=2 -DCONST=2 -DENTRY=2 \
  -preset_vec=00h,intentry,init,end_init -ppowerup=CODE -pcinit=CODE \
  -pfunctab=ENTRY -k \
  C:\Users\Khanh\AppData\Local\Temp\xcAsdlg.\driver_tmp_17.o \
  dist/default/production\LM35_CB_NhietDo_.X.production.o 

Object code version is 3.11

Machine type is 16F877A



                Name                               Link     Load   Length Selector   Space Scale
C:\Users\Khanh\AppData\Local\Temp\xcAsdlg.\driver_tmp_17.o
                end_init                              0        0        3        0       0
                config                             2007     2007        1        0       4
dist/default/production\LM35_CB_NhietDo_.X.production.o
                cinit                               7EC      7EC       14      FD8       0
                text6_split_1                        ED       ED      6FF      1DA       0
                config                             2007     2007        1        0       4
                text31                             1027     1027        9     204E       0
                text30                                5        5       30        A       0
                text29                             1146     1146       2F     228C       0
                text28                             1FC0     1FC0       1F     3F80       0
                text27                             1175     1175       2F     22EA       0
                text26                             10F0     10F0       2B     21E0       0
                text25                               35       35       B8       6A       0
                text24                              882      882      1D5     1104       0
                text23                             11DE     11DE       4E     23BC       0
                text22                             1367     1367       A4     26CE       0
                text21                             109F     109F       27     213E       0
                text20                              CBB      CBB      345     1976       0
                text19                              801      801        B     1002       0
                text18                              A57      A57      264     14AE       0
                text17                             1030     1030       24     2060       0
                text16                              80C      80C       76     1018       0
                text15                             12DA     12DA       8D     25B4       0
                text14                             14B9     14B9      10F     2972       0
                text13                             1F90     1F90       15     3F20       0
                text12                             1079     1079       26     20F2       0
                text11                                4        4        1        8       0
                text10                             122C     122C       56     2458       0
                text9                              10C6     10C6       2A     218C       0
                text8                              11A4     11A4       3A     2348       0
                text7                              1FA5     1FA5       1B     3F4A       0
                text6                              15C8     15C8      119     2B90       0
                text5                              1054     1054       25     20A8       0
                text4                              1282     1282       58     2504       0
                text3                              16E1     16E1      11F     2DC2       0
                text2                              111B     111B       2B     2236       0
                text1                              1FDF     1FDF       21     3FBE       0
                maintext                           140B     140B       AE     2816       0
                cstackBANK0                          20       20       48       20       1
                cstackCOMMON                         70       70        E       70       1
                cstackBANK1                          A0       A0       50       A0       1
                clrtext                            1F88     1F88        8     3F10       0
                bssBANK3                            190      190       58      190       1
                bssBANK0                             68       68        5       20       1
                strings                            1000     1000       27     2000       0

TOTAL           Name                               Link     Load   Length     Space
        CLASS   CODE           
                end_init                              0        0        3         0
                cinit                               7EC      7EC       14         0
                text6_split_1                        ED       ED      6FF         0
                text31                             1027     1027        9         0
                text30                                5        5       30         0
                text29                             1146     1146       2F         0
                text28                             1FC0     1FC0       1F         0
                text27                             1175     1175       2F         0
                text26                             10F0     10F0       2B         0
                text25                               35       35       B8         0
                text24                              882      882      1D5         0
                text23                             11DE     11DE       4E         0
                text22                             1367     1367       A4         0
                text21                             109F     109F       27         0
                text20                              CBB      CBB      345         0
                text19                              801      801        B         0
                text18                              A57      A57      264         0
                text17                             1030     1030       24         0
                text16                              80C      80C       76         0
                text15                             12DA     12DA       8D         0
                text14                             14B9     14B9      10F         0
                text13                             1F90     1F90       15         0
                text12                             1079     1079       26         0
                text11                                4        4        1         0
                text10                             122C     122C       56         0
                text9                              10C6     10C6       2A         0
                text8                              11A4     11A4       3A         0
                text7                              1FA5     1FA5       1B         0
                text6                              15C8     15C8      119         0
                text5                              1054     1054       25         0
                text4                              1282     1282       58         0
                text3                              16E1     16E1      11F         0
                text2                              111B     111B       2B         0
                text1                              1FDF     1FDF       21         0
                maintext                           140B     140B       AE         0
                clrtext                            1F88     1F88        8         0

        CLASS   STRCODE        

        CLASS   STRING         
                strings                            1000     1000       27         0

        CLASS   CONST          

        CLASS   ENTRY          

        CLASS   COMMON         
                cstackCOMMON                         70       70        E         1

        CLASS   BANK0          
                cstackBANK0                          20       20       48         1
                bssBANK0                             68       68        5         1

        CLASS   BANK1          
                cstackBANK1                          A0       A0       50         1

        CLASS   BANK2          

        CLASS   BANK3          
                bssBANK3                            190      190       58         1

        CLASS   RAM            

        CLASS   ABS1           
                abs_s1                               7E       7E        2         1

        CLASS   SFR0           

        CLASS   SFR1           

        CLASS   SFR2           

        CLASS   SFR3           

        CLASS   CONFIG         
                config                             2007     2007        1         4

        CLASS   IDLOC          

        CLASS   EEDATA         

        CLASS   HEAP           

        CLASS   STACK          



SEGMENTS        Name                           Load    Length   Top    Selector   Space  Class     Delta

                reset_vec                      000000  000003  000003         0       0  CODE        2
                text11                         000004  000001  000005         8       0  CODE        2
                text30                         000005  000030  000035         A       0  CODE        2
                cstackBANK0                    000020  00004D  00006D        20       1  BANK0       1
                text25                         000035  0000B8  0000ED        6A       0  CODE        2
                cstackCOMMON                   000070  00000E  00007E        70       1  COMMON      1
                cstackBANK1                    0000A0  000050  0000F0        A0       1  BANK1       1
                bssBANK3                       000190  000058  0001E8       190       1  BANK3       1
                text6_split_1                  0000ED  0006FF  0007EC       1DA       0  CODE        2
                cinit                          0007EC  000014  000800       FD8       0  CODE        2
                text19                         000801  00000B  00080C      1002       0  CODE        2
                text16                         00080C  000076  000882      1018       0  CODE        2
                text24                         000882  0001D5  000A57      1104       0  CODE        2
                text18                         000A57  000264  000CBB      14AE       0  CODE        2
                text20                         000CBB  000345  001000      1976       0  CODE        2
                strings                        001000  000027  001027      2000       0  STRING      2
                text31                         001027  000009  001030      204E       0  CODE        2
                text17                         001030  000024  001054      2060       0  CODE        2
                text5                          001054  000025  001079      20A8       0  CODE        2
                text12                         001079  000026  00109F      20F2       0  CODE        2
                text21                         00109F  000027  0010C6      213E       0  CODE        2
                text9                          0010C6  00002A  0010F0      218C       0  CODE        2
                text26                         0010F0  00002B  00111B      21E0       0  CODE        2
                text2                          00111B  00002B  001146      2236       0  CODE        2
                text29                         001146  00002F  001175      228C       0  CODE        2
                text27                         001175  00002F  0011A4      22EA       0  CODE        2
                text8                          0011A4  00003A  0011DE      2348       0  CODE        2
                text23                         0011DE  00004E  00122C      23BC       0  CODE        2
                text10                         00122C  000056  001282      2458       0  CODE        2
                text4                          001282  000058  0012DA      2504       0  CODE        2
                text15                         0012DA  00008D  001367      25B4       0  CODE        2
                text22                         001367  0000A4  00140B      26CE       0  CODE        2
                maintext                       00140B  0000AE  0014B9      2816       0  CODE        2
                text14                         0014B9  00010F  0015C8      2972       0  CODE        2
                text6                          0015C8  000119  0016E1      2B90       0  CODE        2
                text3                          0016E1  00011F  001800      2DC2       0  CODE        2
                clrtext                        001F88  000008  001F90      3F10       0  CODE        2
                text13                         001F90  000015  001FA5      3F20       0  CODE        2
                text7                          001FA5  00001B  001FC0      3F4A       0  CODE        2
                text28                         001FC0  00001F  001FDF      3F80       0  CODE        2
                text1                          001FDF  000021  002000      3FBE       0  CODE        2


UNUSED ADDRESS RANGES

        Name                Unused          Largest block    Delta
        BANK0            00006D-00006F                3           1
        BANK2            000110-00016F               60           1
        BANK3            0001E8-0001EF                8           1
        CODE             000003-000003                1           2
                         000800-000800                1
                         001800-001F87              788
        CONST            000003-000003                1           2
                         000800-000800                1
                         001800-001F87              100
        EEDATA           002100-0021FF              100           2
        ENTRY            000003-000003                1           2
                         000800-000800                1
                         001800-001F87              100
        IDLOC            002000-002003                4           2
        RAM              00006D-00006F                3           1
                         000110-00016F               60
                         0001E8-0001EF                8
        SFR0             000000-00001F               20           1
        SFR1             000080-00009F               20           1
        SFR2             000100-00010F               10           1
        SFR3             000180-00018F               10           1
        STRCODE          000003-000003                1           2
                         000800-000800                1
                         001800-001F87              788
        STRING           000003-000003                1           2
                         000800-000800                1
                         001800-001F87              100

                                  Symbol Table

?_ADC_Read                  cstackCOMMON 000070
?__Umul8_16                 cstackCOMMON 000070
?___fladd                   cstackCOMMON 000070
?___fldiv                   cstackCOMMON 000070
?___flmul                   cstackBANK0  000020
?___flneg                   cstackCOMMON 000070
?___flsub                   cstackBANK0  00003A
?___fltol                   cstackCOMMON 000070
?___fpclassifyf             cstackCOMMON 000070
?___wmul                    cstackCOMMON 000070
?___xxtofl                  cstackCOMMON 000070
?_floorf                    cstackBANK0  00002D
?_labs                      cstackCOMMON 000070
?_read_prec_or_width        cstackCOMMON 000076
?_sprintf                   cstackBANK1  0000D1
?_vfprintf                  cstackBANK1  0000CF
ADC_Read@ANC                cstackCOMMON 000073
LCD_Cmd@data                cstackCOMMON 000072
LCD_Data@data               cstackCOMMON 000072
LCD_String@i                cstackCOMMON 000075
LCD_String@str              cstackCOMMON 000073
_ADCON0                     (abs)        00001F
_ADCON0bits                 (abs)        00001F
_ADCON1                     (abs)        00009F
_ADC_Init                   text31       001027
_ADC_Read                   text30       000005
_ADRESH                     (abs)        00001E
_ADRESL                     (abs)        00009E
_GO_DONE                    (abs)        0000FA
_LCD_Cmd                    text29       001146
_LCD_Data                   text27       001175
_LCD_Init                   text28       001FC0
_LCD_String                 text26       0010F0
_PORTB                      (abs)        000006
_PORTBbits                  (abs)        000006
_TRISB                      (abs)        000086
__H__absolute__             __absolute__ 000000
__Habs1                     abs1         000000
__Hbank0                    bank0        000000
__Hbank1                    bank1        000000
__Hbank2                    bank2        000000
__Hbank3                    bank3        000000
__HbssBANK0                 bssBANK0     000000
__HbssBANK3                 bssBANK3     000000
__Hcinit                    cinit        000800
__Hclrtext                  clrtext      000000
__Hcode                     code         000000
__Hcommon                   common       000000
__Hconfig                   config       002008
__HcstackBANK0              cstackBANK0  000000
__HcstackBANK1              cstackBANK1  000000
__HcstackCOMMON             cstackCOMMON 000000
__Heeprom_data              eeprom_data  000000
__Hend_init                 end_init     000003
__Hfunctab                  functab      000000
__Hheap                     heap         000000
__Hinit                     init         000000
__Hintentry                 intentry     000000
__Hmaintext                 maintext     000000
__Hpowerup                  powerup      000000
__Hram                      ram          000000
__Hreset_vec                reset_vec    000000
__Hsfr0                     sfr0         000000
__Hsfr1                     sfr1         000000
__Hsfr2                     sfr2         000000
__Hsfr3                     sfr3         000000
__Hspace_0                  (abs)        002000
__Hspace_1                  (abs)        0001E8
__Hspace_2                  (abs)        000000
__Hspace_3                  (abs)        000000
__Hspace_4                  (abs)        00400F
__Hstack                    stack        000000
__Hstrings                  strings      000000
__Htext                     text         000000
__L__absolute__             __absolute__ 000000
__Labs1                     abs1         000000
__Lbank0                    bank0        000000
__Lbank1                    bank1        000000
__Lbank2                    bank2        000000
__Lbank3                    bank3        000000
__LbssBANK0                 bssBANK0     000000
__LbssBANK3                 bssBANK3     000000
__Lcinit                    cinit        0007EC
__Lclrtext                  clrtext      000000
__Lcode                     code         000000
__Lcommon                   common       000000
__Lconfig                   config       000000
__LcstackBANK0              cstackBANK0  000000
__LcstackBANK1              cstackBANK1  000000
__LcstackCOMMON             cstackCOMMON 000000
__Leeprom_data              eeprom_data  000000
__Lend_init                 end_init     000000
__Lfunctab                  functab      000000
__Lheap                     heap         000000
__Linit                     init         000000
__Lintentry                 intentry     000000
__Lmaintext                 maintext     000000
__Lpowerup                  powerup      000000
__Lram                      ram          000000
__Lreset_vec                reset_vec    000000
__Lsfr0                     sfr0         000000
__Lsfr1                     sfr1         000000
__Lsfr2                     sfr2         000000
__Lsfr3                     sfr3         000000
__Lspace_0                  (abs)        000000
__Lspace_1                  (abs)        000000
__Lspace_2                  (abs)        000000
__Lspace_3                  (abs)        000000
__Lspace_4                  (abs)        000000
__Lstack                    stack        000000
__Lstrings                  strings      000000
__Ltext                     text         000000
__S0                        (abs)        002000
__S1                        (abs)        0001E8
__S3                        (abs)        000000
__Umul8_16                  text21       00109F
__Umul8_16@multiplicand     cstackCOMMON 000070
__Umul8_16@multiplier       cstackCOMMON 000078
__Umul8_16@product          cstackCOMMON 000074
__Umul8_16@word_mpld        cstackCOMMON 000076
___fladd                    text18       000A57
___fladd@a                  cstackCOMMON 000074
___fladd@aexp               cstackCOMMON 000079
___fladd@b                  cstackCOMMON 000070
___fladd@bexp               cstackCOMMON 00007A
___fladd@grs                cstackCOMMON 00007B
___fladd@signs              cstackCOMMON 000078
___fldiv                    text24       000882
___fldiv@a                  cstackCOMMON 000070
___fldiv@aexp               cstackBANK0  00002C
___fldiv@b                  cstackCOMMON 000074
___fldiv@bexp               cstackBANK0  00002B
___fldiv@grs                cstackBANK0  000027
___fldiv@new_exp            cstackBANK0  000025
___fldiv@rem                cstackBANK0  000020
___fldiv@sign               cstackBANK0  000024
___fleq                     text23       0011DE
___fleq@ff1                 cstackCOMMON 000070
___fleq@ff2                 cstackCOMMON 000074
___flge                     text22       001367
___flge@ff1                 cstackBANK0  00003A
___flge@ff2                 cstackBANK0  00003E
___flmul                    text20       000CBB
___flmul@a                  cstackBANK0  000024
___flmul@aexp               cstackBANK0  000032
___flmul@b                  cstackBANK0  000020
___flmul@bexp               cstackBANK0  000033
___flmul@grs                cstackBANK0  00002E
___flmul@prod               cstackBANK0  000034
___flmul@sign               cstackBANK0  00002D
___flmul@temp               cstackBANK0  000038
___flneg                    text19       000801
___flneg@f1                 cstackCOMMON 000070
___flsub                    text17       001030
___flsub@a                  cstackBANK0  00003A
___flsub@b                  cstackBANK0  00003E
___fltol                    text16       00080C
___fltol@exp1               cstackCOMMON 000079
___fltol@f1                 cstackCOMMON 000070
___fltol@sign1              cstackCOMMON 000078
___fpclassifyf              text15       0012DA
___fpclassifyf@F465         bssBANK3     000194
___fpclassifyf@e            cstackBANK0  000020
___fpclassifyf@u            cstackBANK0  000022
___fpclassifyf@x            cstackCOMMON 000070
___heap_hi                  (abs)        000000
___heap_lo                  (abs)        000000
___int_sp                   stack        000000
___int_stack_hi             stack        000000
___int_stack_lo             stack        000000
___latbits                  (abs)        000002
___sp                       stack        000000
___stack_hi                 stack        000000
___stack_lo                 stack        000000
___stackhi                  (abs)        000000
___stacklo                  (abs)        000000
___wmul                     text5        001054
___wmul@multiplicand        cstackCOMMON 000072
___wmul@multiplier          cstackCOMMON 000070
___wmul@product             cstackCOMMON 000074
___xxtofl                   text25       000035
___xxtofl@arg               cstackCOMMON 00007A
___xxtofl@exp               cstackCOMMON 000079
___xxtofl@sign              cstackCOMMON 000078
___xxtofl@val               cstackCOMMON 000070
__end_of_ADC_Init           text31       001030
__end_of_ADC_Read           text30       000035
__end_of_LCD_Cmd            text29       001175
__end_of_LCD_Data           text27       0011A4
__end_of_LCD_Init           text28       001FDF
__end_of_LCD_String         text26       00111B
__end_of__Umul8_16          text21       0010C6
__end_of___fladd            text18       000CBB
__end_of___fldiv            text24       000A57
__end_of___fleq             text23       00122C
__end_of___flge             text22       00140B
__end_of___flmul            text20       001000
__end_of___flneg            text19       00080C
__end_of___flsub            text17       001054
__end_of___fltol            text16       000882
__end_of___fpclassifyf      text15       001367
__end_of___wmul             text5        001079
__end_of___xxtofl           text25       0000ED
__end_of__initialization    cinit        0007FC
__end_of__stringtab         strings      001010
__end_of_efgtoa             text6_split_1 0007EC
__end_of_floorf             text14       0015C8
__end_of_fputc              text10       001282
__end_of_fputs              text9        0010F0
__end_of_labs               text13       001FA5
__end_of_main               maintext     0014B9
__end_of_memcpy             text12       00109F
__end_of_pad                text8        0011DE
__end_of_putch              text11       000005
__end_of_read_prec_or_width text4        0012DA
__end_of_sprintf            text1        002000
__end_of_strcpy             text7        001FC0
__end_of_vfpfcnvrt          text3        001800
__end_of_vfprintf           text2        001146
__initialization            cinit        0007EC
__pbssBANK0                 bssBANK0     000068
__pbssBANK3                 bssBANK3     000190
__pcstackBANK0              cstackBANK0  000020
__pcstackBANK1              cstackBANK1  0000A0
__pcstackCOMMON             cstackCOMMON 000070
__pmaintext                 maintext     00140B
__pstrings                  strings      001000
__ptext1                    text1        001FDF
__ptext10                   text10       00122C
__ptext11                   text11       000004
__ptext12                   text12       001079
__ptext13                   text13       001F90
__ptext14                   text14       0014B9
__ptext15                   text15       0012DA
__ptext16                   text16       00080C
__ptext17                   text17       001030
__ptext18                   text18       000A57
__ptext19                   text19       000801
__ptext2                    text2        00111B
__ptext20                   text20       000CBB
__ptext21                   text21       00109F
__ptext22                   text22       001367
__ptext23                   text23       0011DE
__ptext24                   text24       000882
__ptext25                   text25       000035
__ptext26                   text26       0010F0
__ptext27                   text27       001175
__ptext28                   text28       001FC0
__ptext29                   text29       001146
__ptext3                    text3        0016E1
__ptext30                   text30       000005
__ptext31                   text31       001027
__ptext4                    text4        001282
__ptext5                    text5        001054
__ptext6                    text6        0015C8
__ptext7                    text7        001FA5
__ptext8                    text8        0011A4
__ptext9                    text9        0010C6
__stringbase                strings      00100F
__stringtab                 strings      001000
_dbuf                       bssBANK3     000198
_efgtoa                     text6        0015C8
_efgtoa$712                 cstackBANK1  0000A6
_flags                      bssBANK0     00006C
_floorf                     text14       0014B9
_fputc                      text10       00122C
_fputs                      text9        0010C6
_labs                       text13       001F90
_main                       maintext     00140B
_memcpy                     text12       001079
_pad                        text8        0011A4
_prec                       bssBANK0     00006A
_putch                      text11       000004
_read_prec_or_width         text4        001282
_sprintf                    text1        001FDF
_strcpy                     text7        001FA5
_vfpfcnvrt                  text3        0016E1
_vfprintf                   text2        00111B
_width                      bssBANK0     000068
btemp                       (abs)        00007E
clear_ram0                  clrtext      001F88
efgtoa@c                    cstackBANK0  00004A
efgtoa@d                    cstackBANK1  0000AB
efgtoa@e                    cstackBANK1  0000B0
efgtoa@f                    cstackBANK0  000046
efgtoa@fp                   cstackBANK1  0000AF
efgtoa@g                    cstackBANK1  0000C5
efgtoa@h                    cstackBANK1  0000BA
efgtoa@i                    cstackBANK1  0000B8
efgtoa@l                    cstackBANK1  0000BE
efgtoa@m                    cstackBANK1  0000AD
efgtoa@mode                 cstackBANK1  0000A9
efgtoa@n                    cstackBANK1  0000C3
efgtoa@ne                   cstackBANK1  0000A0
efgtoa@nmode                cstackBANK1  0000AA
efgtoa@ou                   cstackBANK1  0000B4
efgtoa@p                    cstackBANK1  0000A2
efgtoa@pp                   cstackBANK1  0000A8
efgtoa@sign                 cstackBANK1  0000C2
efgtoa@t                    cstackBANK1  0000A4
efgtoa@u                    cstackBANK1  0000C9
efgtoa@w                    cstackBANK1  0000B2
end_of_initialization       cinit        0007FC
floorf@F521                 bssBANK3     000190
floorf@e                    cstackBANK0  00003B
floorf@m                    cstackBANK0  000037
floorf@u                    cstackBANK0  00003D
floorf@x                    cstackBANK0  00002D
fputc@c                     cstackCOMMON 000070
fputc@fp                    cstackCOMMON 000072
fputs@c                     cstackBANK0  000020
fputs@fp                    cstackCOMMON 000078
fputs@i                     cstackBANK0  000021
fputs@s                     cstackBANK0  000023
intlevel0                   functab      000000
intlevel1                   functab      000000
intlevel2                   functab      000000
intlevel3                   functab      000000
intlevel4                   functab      000000
intlevel5                   functab      000000
labs@a                      cstackCOMMON 000070
main@ADC                    cstackBANK1  0000EE
main@Nhietdo                cstackBANK1  0000E6
main@Temp                   cstackBANK1  0000D6
main@Vol                    cstackBANK1  0000EA
memcpy@d                    cstackCOMMON 000075
memcpy@d1                   cstackCOMMON 000074
memcpy@n                    cstackCOMMON 000071
memcpy@s                    cstackCOMMON 000076
memcpy@s1                   cstackCOMMON 000070
memcpy@tmp                  cstackCOMMON 000073
pad@buf                     cstackCOMMON 00007B
pad@fp                      cstackBANK0  000027
pad@i                       cstackBANK0  000025
pad@p                       cstackCOMMON 00007C
pnum$text6                  (abs)        000010
pnum$text6_split_1          (abs)        00002B
psplit$0                    (abs)        10002B
read_prec_or_width@ap       cstackCOMMON 000076
read_prec_or_width@c        cstackCOMMON 000078
read_prec_or_width@fmt      cstackCOMMON 00007B
read_prec_or_width@n        cstackCOMMON 000079
reset_vec                   reset_vec    000000
sprintf@ap                  cstackBANK0  00005C
sprintf@f                   cstackBANK0  00005D
sprintf@fmt                 cstackBANK1  0000D1
sprintf@s                   cstackBANK0  00005B
start                       init         000000
start_initialization        cinit        0007EC
strcpy@d                    cstackCOMMON 000071
strcpy@dest                 cstackCOMMON 000072
strcpy@src                  cstackCOMMON 000070
vfpfcnvrt@ap                cstackBANK1  0000CE
vfpfcnvrt@c                 cstackBANK0  000056
vfpfcnvrt@convarg           cstackBANK0  000051
vfpfcnvrt@cp                cstackBANK0  000057
vfpfcnvrt@fmt               cstackBANK1  0000CD
vfpfcnvrt@fp                cstackBANK0  000055
vfprintf@ap                 cstackBANK1  0000D0
vfprintf@cfmt               cstackBANK0  000059
vfprintf@fmt                cstackBANK1  0000CF
vfprintf@fp                 cstackBANK0  000058
wtemp0                      (abs)        00007E


MODULE INFORMATION

Module		Function		Class		Link	Load	Size
C:\Program Files\Microchip\xc8\v2.45\pic\sources\c99\common\Umul16.c
		___wmul        		CODE           	1054	0000	37

C:\Program Files\Microchip\xc8\v2.45\pic\sources\c99\common\Umul16.c estimated size: 37

C:\Program Files\Microchip\xc8\v2.45\pic\sources\c99\common\fleq.c
		___fleq        		CODE           	11DE	0000	78

C:\Program Files\Microchip\xc8\v2.45\pic\sources\c99\common\fleq.c estimated size: 78

C:\Program Files\Microchip\xc8\v2.45\pic\sources\c99\common\memcpy.c
		_memcpy        		CODE           	1079	0000	38

C:\Program Files\Microchip\xc8\v2.45\pic\sources\c99\common\memcpy.c estimated size: 38

C:\Program Files\Microchip\xc8\v2.45\pic\sources\c99\common\flneg.c
		___flneg       		CODE           	0801	0000	11

C:\Program Files\Microchip\xc8\v2.45\pic\sources\c99\common\flneg.c estimated size: 11

C:\Program Files\Microchip\xc8\v2.45\pic\sources\c99\common\sprcmul.c
		___flmul       		CODE           	0CBB	0000	837

C:\Program Files\Microchip\xc8\v2.45\pic\sources\c99\common\sprcmul.c estimated size: 837

C:\Program Files\Microchip\xc8\v2.45\pic\sources\c99\common\labs.c
		_labs          		CODE           	1F90	0000	21

C:\Program Files\Microchip\xc8\v2.45\pic\sources\c99\common\labs.c estimated size: 21

C:\Program Files\Microchip\xc8\v2.45\pic\sources\c99\common\nf_fputs.c
		_fputs         		CODE           	10C6	0000	42

C:\Program Files\Microchip\xc8\v2.45\pic\sources\c99\common\nf_fputs.c estimated size: 42

C:\Program Files\Microchip\xc8\v2.45\pic\sources\c99\common\sprcdiv.c
		___fldiv       		CODE           	0882	0000	469

C:\Program Files\Microchip\xc8\v2.45\pic\sources\c99\common\sprcdiv.c estimated size: 469

C:\Program Files\Microchip\xc8\v2.45\pic\sources\c99\common\floorf.c
		_floorf        		CODE           	14B9	0000	271

C:\Program Files\Microchip\xc8\v2.45\pic\sources\c99\common\floorf.c estimated size: 271

C:\Program Files\Microchip\xc8\v2.45\pic\sources\c99\common\nf_sprintf.c
		_sprintf       		CODE           	1FDF	0000	33

C:\Program Files\Microchip\xc8\v2.45\pic\sources\c99\common\nf_sprintf.c estimated size: 33

C:\Program Files\Microchip\xc8\v2.45\pic\sources\c99\common\putch.c
		_putch         		CODE           	0004	0000	1

C:\Program Files\Microchip\xc8\v2.45\pic\sources\c99\common\putch.c estimated size: 1

C:\Program Files\Microchip\xc8\v2.45\pic\sources\c99\common\flge.c
		___flge        		CODE           	1367	0000	164

C:\Program Files\Microchip\xc8\v2.45\pic\sources\c99\common\flge.c estimated size: 164

shared
		__stringtab    		STRING         	1000	0000	16
		__initialization		CODE           	07EC	0000	16

shared estimated size: 32

C:\Program Files\Microchip\xc8\v2.45\pic\sources\c99\common\xxtofl.c
		___xxtofl      		CODE           	0035	0000	184

C:\Program Files\Microchip\xc8\v2.45\pic\sources\c99\common\xxtofl.c estimated size: 184

C:\Program Files\Microchip\xc8\v2.45\pic\sources\c99\common\__fpclassifyf.c
		___fpclassifyf 		CODE           	12DA	0000	141

C:\Program Files\Microchip\xc8\v2.45\pic\sources\c99\common\__fpclassifyf.c estimated size: 141

C:\Program Files\Microchip\xc8\v2.45\pic\sources\c99\common\strcpy.c
		_strcpy        		CODE           	1FA5	0000	27

C:\Program Files\Microchip\xc8\v2.45\pic\sources\c99\common\strcpy.c estimated size: 27

C:\Program Files\Microchip\xc8\v2.45\pic\sources\c99\common\Umul8_16.c
		__Umul8_16     		CODE           	109F	0000	39

C:\Program Files\Microchip\xc8\v2.45\pic\sources\c99\common\Umul8_16.c estimated size: 39

C:\Program Files\Microchip\xc8\v2.45\pic\sources\c99\common\sprcadd.c
		___flsub       		CODE           	1030	0000	36
		___fladd       		CODE           	0A57	0000	612

C:\Program Files\Microchip\xc8\v2.45\pic\sources\c99\common\sprcadd.c estimated size: 648

main.c
		_LCD_String    		CODE           	10F0	0000	43
		_LCD_Init      		CODE           	1FC0	0000	31
		_LCD_Cmd       		CODE           	1146	0000	47
		_LCD_Data      		CODE           	1175	0000	47
		_main          		CODE           	140B	0000	174
		_ADC_Read      		CODE           	0005	0000	48
		_ADC_Init      		CODE           	1027	0000	9

main.c estimated size: 399

C:\Program Files\Microchip\xc8\v2.45\pic\sources\c99\common\nf_fputc.c
		_fputc         		CODE           	122C	0000	86

C:\Program Files\Microchip\xc8\v2.45\pic\sources\c99\common\nf_fputc.c estimated size: 86

C:\Program Files\Microchip\xc8\v2.45\pic\sources\c99\common\doprnt.c
		_read_prec_or_width		CODE           	1282	0000	88
		_vfpfcnvrt     		CODE           	16E1	0000	287
		_efgtoa        		CODE           	15C8	0000	2072
		_pad           		CODE           	11A4	0000	58
		_vfprintf      		CODE           	111B	0000	43

C:\Program Files\Microchip\xc8\v2.45\pic\sources\c99\common\doprnt.c estimated size: 2548

C:\Program Files\Microchip\xc8\v2.45\pic\sources\c99\common\fltol.c
		___fltol       		CODE           	080C	0000	118

C:\Program Files\Microchip\xc8\v2.45\pic\sources\c99\common\fltol.c estimated size: 118

