Microchip MPLAB XC8 Compiler V2.45

Linker command line:

-W-3 \
  --edf=C:\Program Files\Microchip\xc8\v2.45\pic\dat\20230818022343_en.msgs \
  -cn -h+dist/default/production\DS1307.X.production.sym \
  --cmf=dist/default/production\DS1307.X.production.cmf -z -Q16F877A \
  -oC:\Users\Khanh\AppData\Local\Temp\xcAs1ug.\driver_tmp_3.o \
  --defsym=__MPLAB_BUILD=1 --fixupoverflow=error \
  -Mdist/default/production/DS1307.X.production.map \
  --md=C:\Users\Khanh\AppData\Local\Temp\xcAs1ug.\driver_tmp_0.dat -E1 \
  -ver=XC8 Compiler --acfsm=1493 -ACODE=00h-07FFhx4 -ASTRCODE=00h-01FFFh \
  -ASTRING=00h-0FFhx32 -ACONST=00h-0FFhx32 -AENTRY=00h-0FFhx32 \
  -ACOMMON=070h-07Fh -ABANK0=020h-06Fh -ABANK1=0A0h-0EFh \
  -ABANK2=0110h-016Fh -ABANK3=0190h-01EFh \
  -ARAM=020h-06Fh,0A0h-0EFh,0110h-016Fh,0190h-01EFh \
  -AABS1=020h-07Fh,0A0h-0EFh,0110h-016Fh,0190h-01EFh -ASFR0=00h-01Fh \
  -ASFR1=080h-09Fh -ASFR2=0100h-010Fh -ASFR3=0180h-018Fh \
  -ACONFIG=02007h-02007h -DCONFIG=2 -AIDLOC=02000h-02003h -DIDLOC=2 \
  -AEEDATA=00h-0FFh/02100h -peeprom_data=EEDATA -DEEDATA=2 -DCODE=2 \
  -DSTRCODE=2 -DSTRING=2 -DCONST=2 -DENTRY=2 \
  -preset_vec=00h,intentry,init,end_init -ppowerup=CODE -pcinit=CODE \
  -pfunctab=ENTRY -k \
  C:\Users\Khanh\AppData\Local\Temp\xcAs1ug.\driver_tmp_17.o \
  dist/default/production\DS1307.X.production.o 

Object code version is 3.11

Machine type is 16F877A



                Name                               Link     Load   Length Selector   Space Scale
C:\Users\Khanh\AppData\Local\Temp\xcAs1ug.\driver_tmp_17.o
                end_init                              0        0        3        0       0
                config                             2007     2007        1        0       4
dist/default/production\DS1307.X.production.o
                cinit                               7E2      7E2       1E      FC4       0
                text6_split_1                        E3       E3      6FF      1C6       0
                config                             2007     2007        1        0       4
                text38                             115F     115F       2F     22BE       0
                text37                             1FE1     1FE1       1F     3FC2       0
                text36                             118E     118E       2F     231C       0
                text35                             1097     1097       26     212E       0
                text34                             1028     1028        5     2050       0
                text33                             1F72     1F72        C     3EE4       0
                text32                             1FB0     1FB0       16     3F60       0
                text31                             1F3B     1F3B        8     3E76       0
                text30                             1F5D     1F5D        A     3EBA       0
                text29                             1F7E     1F7E        C     3EFC       0
                text28                             1F4B     1F4B        9     3E96       0
                text27                             1F8A     1F8A       11     3F14       0
                text26                             1F54     1F54        9     3EA8       0
                text25                             11BD     11BD       38     237A       0
                text24                              882      882      1D5     1104       0
                text23                             11F5     11F5       4E     23EA       0
                text22                               3F       3F       A4       7E       0
                text21                             10E3     10E3       27     21C6       0
                text20                              CBB      CBB      345     1976       0
                text19                             1F67     1F67        B     3ECE       0
                text18                              A57      A57      264     14AE       0
                text17                             104E     104E       24     209C       0
                text16                             12F1     12F1       76     25E2       0
                text15                              803      803       7F     1006       0
                text14                             1367     1367      10F     26CE       0
                text13                             1F9B     1F9B       15     3F36       0
                text12                             10BD     10BD       26     217A       0
                text11                                4        4        1        8       0
                text10                             1243     1243       56     2486       0
                text9                              110A     110A       2A     2214       0
                text8                                 5        5       3A        A       0
                text7                              1FC6     1FC6       1B     3F8C       0
                text6                              1476     1476      119     28EC       0
                text5                              1072     1072       25     20E4       0
                text4                              1299     1299       58     2532       0
                text3                              158F     158F      123     2B1E       0
                text2                              1134     1134       2B     2268       0
                text1                              102D     102D       21     205A       0
                maintext                           16B2     16B2      14E     2D64       0
                cstackBANK0                          20       20       45       20       1
                cstackCOMMON                         70       70        E       70       1
                cstackBANK1                          A0       A0       44       A0       1
                clrtext                            1F43     1F43        8     3E86       0
                bssBANK3                            190      190       50      190       1
                bssBANK1                             E4       E4        C       A0       1
                bssBANK0                             65       65        8       20       1
                strings                            1000     1000       27     2000       0

TOTAL           Name                               Link     Load   Length     Space
        CLASS   CODE           
                end_init                              0        0        3         0
                cinit                               7E2      7E2       1E         0
                text6_split_1                        E3       E3      6FF         0
                text38                             115F     115F       2F         0
                text37                             1FE1     1FE1       1F         0
                text36                             118E     118E       2F         0
                text35                             1097     1097       26         0
                text34                             1028     1028        5         0
                text33                             1F72     1F72        C         0
                text32                             1FB0     1FB0       16         0
                text31                             1F3B     1F3B        8         0
                text30                             1F5D     1F5D        A         0
                text29                             1F7E     1F7E        C         0
                text28                             1F4B     1F4B        9         0
                text27                             1F8A     1F8A       11         0
                text26                             1F54     1F54        9         0
                text25                             11BD     11BD       38         0
                text24                              882      882      1D5         0
                text23                             11F5     11F5       4E         0
                text22                               3F       3F       A4         0
                text21                             10E3     10E3       27         0
                text20                              CBB      CBB      345         0
                text19                             1F67     1F67        B         0
                text18                              A57      A57      264         0
                text17                             104E     104E       24         0
                text16                             12F1     12F1       76         0
                text15                              803      803       7F         0
                text14                             1367     1367      10F         0
                text13                             1F9B     1F9B       15         0
                text12                             10BD     10BD       26         0
                text11                                4        4        1         0
                text10                             1243     1243       56         0
                text9                              110A     110A       2A         0
                text8                                 5        5       3A         0
                text7                              1FC6     1FC6       1B         0
                text6                              1476     1476      119         0
                text5                              1072     1072       25         0
                text4                              1299     1299       58         0
                text3                              158F     158F      123         0
                text2                              1134     1134       2B         0
                text1                              102D     102D       21         0
                maintext                           16B2     16B2      14E         0
                clrtext                            1F43     1F43        8         0

        CLASS   STRCODE        

        CLASS   STRING         
                strings                            1000     1000       27         0

        CLASS   CONST          

        CLASS   ENTRY          

        CLASS   COMMON         
                cstackCOMMON                         70       70        E         1

        CLASS   BANK0          
                cstackBANK0                          20       20       45         1
                bssBANK0                             65       65        8         1

        CLASS   BANK1          
                cstackBANK1                          A0       A0       44         1
                bssBANK1                             E4       E4        C         1

        CLASS   BANK2          

        CLASS   BANK3          
                bssBANK3                            190      190       50         1

        CLASS   RAM            

        CLASS   ABS1           
                abs_s1                               7E       7E        2         1

        CLASS   SFR0           

        CLASS   SFR1           

        CLASS   SFR2           

        CLASS   SFR3           

        CLASS   CONFIG         
                config                             2007     2007        1         4

        CLASS   IDLOC          

        CLASS   EEDATA         

        CLASS   HEAP           

        CLASS   STACK          



SEGMENTS        Name                           Load    Length   Top    Selector   Space  Class     Delta

                reset_vec                      000000  000003  000003         0       0  CODE        2
                text11                         000004  000001  000005         8       0  CODE        2
                text8                          000005  00003A  00003F         A       0  CODE        2
                cstackBANK0                    000020  00004D  00006D        20       1  BANK0       1
                cstackCOMMON                   000070  00000E  00007E        70       1  COMMON      1
                text22                         00003F  0000A4  0000E3        7E       0  CODE        2
                cstackBANK1                    0000A0  000050  0000F0        A0       1  BANK1       1
                bssBANK3                       000190  000050  0001E0       190       1  BANK3       1
                text6_split_1                  0000E3  0006FF  0007E2       1C6       0  CODE        2
                cinit                          0007E2  00001E  000800       FC4       0  CODE        2
                text15                         000803  00007F  000882      1006       0  CODE        2
                text24                         000882  0001D5  000A57      1104       0  CODE        2
                text18                         000A57  000264  000CBB      14AE       0  CODE        2
                text20                         000CBB  000345  001000      1976       0  CODE        2
                strings                        001000  000027  001027      2000       0  STRING      2
                text34                         001028  000005  00102D      2050       0  CODE        2
                text1                          00102D  000021  00104E      205A       0  CODE        2
                text17                         00104E  000024  001072      209C       0  CODE        2
                text5                          001072  000025  001097      20E4       0  CODE        2
                text35                         001097  000026  0010BD      212E       0  CODE        2
                text12                         0010BD  000026  0010E3      217A       0  CODE        2
                text21                         0010E3  000027  00110A      21C6       0  CODE        2
                text9                          00110A  00002A  001134      2214       0  CODE        2
                text2                          001134  00002B  00115F      2268       0  CODE        2
                text38                         00115F  00002F  00118E      22BE       0  CODE        2
                text36                         00118E  00002F  0011BD      231C       0  CODE        2
                text25                         0011BD  000038  0011F5      237A       0  CODE        2
                text23                         0011F5  00004E  001243      23EA       0  CODE        2
                text10                         001243  000056  001299      2486       0  CODE        2
                text4                          001299  000058  0012F1      2532       0  CODE        2
                text16                         0012F1  000076  001367      25E2       0  CODE        2
                text14                         001367  00010F  001476      26CE       0  CODE        2
                text6                          001476  000119  00158F      28EC       0  CODE        2
                text3                          00158F  000123  0016B2      2B1E       0  CODE        2
                maintext                       0016B2  00014E  001800      2D64       0  CODE        2
                text31                         001F3B  000008  001F43      3E76       0  CODE        2
                clrtext                        001F43  000008  001F4B      3E86       0  CODE        2
                text28                         001F4B  000009  001F54      3E96       0  CODE        2
                text26                         001F54  000009  001F5D      3EA8       0  CODE        2
                text30                         001F5D  00000A  001F67      3EBA       0  CODE        2
                text19                         001F67  00000B  001F72      3ECE       0  CODE        2
                text33                         001F72  00000C  001F7E      3EE4       0  CODE        2
                text29                         001F7E  00000C  001F8A      3EFC       0  CODE        2
                text27                         001F8A  000011  001F9B      3F14       0  CODE        2
                text13                         001F9B  000015  001FB0      3F36       0  CODE        2
                text32                         001FB0  000016  001FC6      3F60       0  CODE        2
                text7                          001FC6  00001B  001FE1      3F8C       0  CODE        2
                text37                         001FE1  00001F  002000      3FC2       0  CODE        2


UNUSED ADDRESS RANGES

        Name                Unused          Largest block    Delta
        BANK0            00006D-00006F                3           1
        BANK2            000110-00016F               60           1
        BANK3            0001E0-0001EF               10           1
        CODE             000003-000003                1           2
                         000800-000802                3
                         001027-001027                1
                         001800-001F3A              73B
        CONST            000003-000003                1           2
                         000800-000802                3
                         001027-001027                1
                         001800-001F3A              100
        EEDATA           002100-0021FF              100           2
        ENTRY            000003-000003                1           2
                         000800-000802                3
                         001027-001027                1
                         001800-001F3A              100
        IDLOC            002000-002003                4           2
        RAM              00006D-00006F                3           1
                         000110-00016F               60
                         0001E0-0001EF               10
        SFR0             000000-00001F               20           1
        SFR1             000080-00009F               20           1
        SFR2             000100-00010F               10           1
        SFR3             000180-00018F               10           1
        STRCODE          000003-000003                1           2
                         000800-000802                3
                         001027-001027                1
                         001800-001F3A              73B
        STRING           000003-000003                1           2
                         000800-000802                3
                         001027-001027                1
                         001800-001F3A              100

                                  Symbol Table

?__Umul8_16                 cstackCOMMON 000070
?___fladd                   cstackCOMMON 000070
?___fldiv                   cstackCOMMON 000070
?___flmul                   cstackBANK0  000020
?___flneg                   cstackCOMMON 000070
?___flsub                   cstackBANK0  000035
?___fltol                   cstackCOMMON 000070
?___fpclassifyf             cstackCOMMON 000070
?___wmul                    cstackCOMMON 000070
?_floorf                    cstackBANK0  00002D
?_labs                      cstackCOMMON 000070
?_read_prec_or_width        cstackCOMMON 000076
?_sprintf                   cstackBANK1  0000D1
?_vfprintf                  cstackBANK1  0000CF
LCD_Cmd@data                cstackCOMMON 000072
LCD_Data@data               cstackCOMMON 000072
LCD_String@s                cstackCOMMON 000073
_ACKDT                      (abs)        00048D
_ACKEN                      (abs)        00048C
_ACKSTAT                    (abs)        00048E
_LCD_Cmd                    text38       00115F
_LCD_Data                   text36       00118E
_LCD_Init                   text37       001FE1
_LCD_String                 text35       001097
_PEN                        (abs)        00048A
_PORTB                      (abs)        000006
_PORTBbits                  (abs)        000006
_RCEN                       (abs)        00048B
_RSEN                       (abs)        000489
_SEN                        (abs)        000488
_SSPADD                     (abs)        000093
_SSPBUF                     (abs)        000013
_SSPCON                     (abs)        000014
_SSPIF                      (abs)        000063
_TRISB                      (abs)        000086
_TRISC3                     (abs)        00043B
_TRISC4                     (abs)        00043C
__H__absolute__             __absolute__ 000000
__Habs1                     abs1         000000
__Hbank0                    bank0        000000
__Hbank1                    bank1        000000
__Hbank2                    bank2        000000
__Hbank3                    bank3        000000
__HbssBANK0                 bssBANK0     000000
__HbssBANK1                 bssBANK1     000000
__HbssBANK3                 bssBANK3     000000
__Hcinit                    cinit        000800
__Hclrtext                  clrtext      000000
__Hcode                     code         000000
__Hcommon                   common       000000
__Hconfig                   config       002008
__HcstackBANK0              cstackBANK0  000000
__HcstackBANK1              cstackBANK1  000000
__HcstackCOMMON             cstackCOMMON 000000
__Heeprom_data              eeprom_data  000000
__Hend_init                 end_init     000003
__Hfunctab                  functab      000000
__Hheap                     heap         000000
__Hinit                     init         000000
__Hintentry                 intentry     000000
__Hmaintext                 maintext     000000
__Hpowerup                  powerup      000000
__Hram                      ram          000000
__Hreset_vec                reset_vec    000000
__Hsfr0                     sfr0         000000
__Hsfr1                     sfr1         000000
__Hsfr2                     sfr2         000000
__Hsfr3                     sfr3         000000
__Hspace_0                  (abs)        002000
__Hspace_1                  (abs)        0001E0
__Hspace_2                  (abs)        000000
__Hspace_3                  (abs)        000000
__Hspace_4                  (abs)        00400F
__Hstack                    stack        000000
__Hstrings                  strings      000000
__Htext                     text         000000
__L__absolute__             __absolute__ 000000
__Labs1                     abs1         000000
__Lbank0                    bank0        000000
__Lbank1                    bank1        000000
__Lbank2                    bank2        000000
__Lbank3                    bank3        000000
__LbssBANK0                 bssBANK0     000000
__LbssBANK1                 bssBANK1     000000
__LbssBANK3                 bssBANK3     000000
__Lcinit                    cinit        0007E2
__Lclrtext                  clrtext      000000
__Lcode                     code         000000
__Lcommon                   common       000000
__Lconfig                   config       000000
__LcstackBANK0              cstackBANK0  000000
__LcstackBANK1              cstackBANK1  000000
__LcstackCOMMON             cstackCOMMON 000000
__Leeprom_data              eeprom_data  000000
__Lend_init                 end_init     000000
__Lfunctab                  functab      000000
__Lheap                     heap         000000
__Linit                     init         000000
__Lintentry                 intentry     000000
__Lmaintext                 maintext     000000
__Lpowerup                  powerup      000000
__Lram                      ram          000000
__Lreset_vec                reset_vec    000000
__Lsfr0                     sfr0         000000
__Lsfr1                     sfr1         000000
__Lsfr2                     sfr2         000000
__Lsfr3                     sfr3         000000
__Lspace_0                  (abs)        000000
__Lspace_1                  (abs)        000000
__Lspace_2                  (abs)        000000
__Lspace_3                  (abs)        000000
__Lspace_4                  (abs)        000000
__Lstack                    stack        000000
__Lstrings                  strings      000000
__Ltext                     text         000000
__S0                        (abs)        002000
__S1                        (abs)        0001E0
__S3                        (abs)        000000
__Umul8_16                  text21       0010E3
__Umul8_16@multiplicand     cstackCOMMON 000070
__Umul8_16@multiplier       cstackCOMMON 000078
__Umul8_16@product          cstackCOMMON 000074
__Umul8_16@word_mpld        cstackCOMMON 000076
___fladd                    text18       000A57
___fladd@a                  cstackCOMMON 000074
___fladd@aexp               cstackCOMMON 000079
___fladd@b                  cstackCOMMON 000070
___fladd@bexp               cstackCOMMON 00007A
___fladd@grs                cstackCOMMON 00007B
___fladd@signs              cstackCOMMON 000078
___fldiv                    text24       000882
___fldiv@a                  cstackCOMMON 000070
___fldiv@aexp               cstackBANK0  00002C
___fldiv@b                  cstackCOMMON 000074
___fldiv@bexp               cstackBANK0  00002B
___fldiv@grs                cstackBANK0  000027
___fldiv@new_exp            cstackBANK0  000025
___fldiv@rem                cstackBANK0  000020
___fldiv@sign               cstackBANK0  000024
___fleq                     text23       0011F5
___fleq@ff1                 cstackCOMMON 000070
___fleq@ff2                 cstackCOMMON 000074
___flge                     text22       00003F
___flge@ff1                 cstackBANK0  000035
___flge@ff2                 cstackBANK0  000039
___flmul                    text20       000CBB
___flmul@a                  cstackBANK0  000024
___flmul@aexp               cstackBANK0  00002D
___flmul@b                  cstackBANK0  000020
___flmul@bexp               cstackBANK0  00002E
___flmul@grs                cstackBANK0  000029
___flmul@prod               cstackBANK0  00002F
___flmul@sign               cstackBANK0  000028
___flmul@temp               cstackBANK0  000033
___flneg                    text19       001F67
___flneg@f1                 cstackCOMMON 000070
___flsub                    text17       00104E
___flsub@a                  cstackBANK0  000035
___flsub@b                  cstackBANK0  000039
___fltol                    text16       0012F1
___fltol@exp1               cstackCOMMON 000079
___fltol@f1                 cstackCOMMON 000070
___fltol@sign1              cstackCOMMON 000078
___fpclassifyf              text15       000803
___fpclassifyf@F465         bssBANK0     000065
___fpclassifyf@e            cstackBANK0  000020
___fpclassifyf@u            cstackBANK0  000022
___fpclassifyf@x            cstackCOMMON 000070
___heap_hi                  (abs)        000000
___heap_lo                  (abs)        000000
___int_sp                   stack        000000
___int_stack_hi             stack        000000
___int_stack_lo             stack        000000
___latbits                  (abs)        000002
___sp                       stack        000000
___stack_hi                 stack        000000
___stack_lo                 stack        000000
___stackhi                  (abs)        000000
___stacklo                  (abs)        000000
___wmul                     text5        001072
___wmul@multiplicand        cstackCOMMON 000072
___wmul@multiplier          cstackCOMMON 000070
___wmul@product             cstackCOMMON 000074
__end_of_LCD_Cmd            text38       00118E
__end_of_LCD_Data           text36       0011BD
__end_of_LCD_Init           text37       002000
__end_of_LCD_String         text35       0010BD
__end_of__Umul8_16          text21       00110A
__end_of___fladd            text18       000CBB
__end_of___fldiv            text24       000A57
__end_of___fleq             text23       001243
__end_of___flge             text22       0000E3
__end_of___flmul            text20       001000
__end_of___flneg            text19       001F72
__end_of___flsub            text17       001072
__end_of___fltol            text16       001367
__end_of___fpclassifyf      text15       000882
__end_of___wmul             text5        001097
__end_of__initialization    cinit        0007FC
__end_of__stringtab         strings      001010
__end_of_convd              text34       00102D
__end_of_convup             text33       001F7E
__end_of_efgtoa             text6_split_1 0007E2
__end_of_floorf             text14       001476
__end_of_fputc              text10       001299
__end_of_fputs              text9        001134
__end_of_labs               text13       001FB0
__end_of_main               maintext     001800
__end_of_memcpy             text12       0010E3
__end_of_pad                text8        00003F
__end_of_putch              text11       000005
__end_of_read_prec_or_width text4        0012F1
__end_of_rtc_int            text32       001FC6
__end_of_rtc_nak            text30       001F67
__end_of_rtc_read           text29       001F8A
__end_of_rtc_read_byte      text25       0011F5
__end_of_rtc_res            text28       001F54
__end_of_rtc_send           text27       001F9B
__end_of_rtc_stop           text26       001F5D
__end_of_sprintf            text1        00104E
__end_of_strcpy             text7        001FE1
__end_of_vfpfcnvrt          text3        0016B2
__end_of_vfprintf           text2        00115F
__end_of_waitmssp           text31       001F43
__initialization            cinit        0007E2
__pbssBANK0                 bssBANK0     000065
__pbssBANK1                 bssBANK1     0000E4
__pbssBANK3                 bssBANK3     000190
__pcstackBANK0              cstackBANK0  000020
__pcstackBANK1              cstackBANK1  0000A0
__pcstackCOMMON             cstackCOMMON 000070
__pmaintext                 maintext     0016B2
__pstrings                  strings      001000
__ptext1                    text1        00102D
__ptext10                   text10       001243
__ptext11                   text11       000004
__ptext12                   text12       0010BD
__ptext13                   text13       001F9B
__ptext14                   text14       001367
__ptext15                   text15       000803
__ptext16                   text16       0012F1
__ptext17                   text17       00104E
__ptext18                   text18       000A57
__ptext19                   text19       001F67
__ptext2                    text2        001134
__ptext20                   text20       000CBB
__ptext21                   text21       0010E3
__ptext22                   text22       00003F
__ptext23                   text23       0011F5
__ptext24                   text24       000882
__ptext25                   text25       0011BD
__ptext26                   text26       001F54
__ptext27                   text27       001F8A
__ptext28                   text28       001F4B
__ptext29                   text29       001F7E
__ptext3                    text3        00158F
__ptext30                   text30       001F5D
__ptext31                   text31       001F3B
__ptext32                   text32       001FB0
__ptext33                   text33       001F72
__ptext34                   text34       001028
__ptext35                   text35       001097
__ptext36                   text36       00118E
__ptext37                   text37       001FE1
__ptext38                   text38       00115F
__ptext4                    text4        001299
__ptext5                    text5        001072
__ptext6                    text6        001476
__ptext7                    text7        001FC6
__ptext8                    text8        000005
__ptext9                    text9        00110A
__stringbase                strings      00100F
__stringtab                 strings      001000
_convd                      text34       001028
_convup                     text33       001F72
_date                       bssBANK1     0000EB
_day                        bssBANK1     0000EC
_dbuf                       bssBANK3     000190
_efgtoa                     text6        001476
_efgtoa$714                 cstackBANK1  0000A6
_flags                      bssBANK1     0000E8
_floorf                     text14       001367
_fputc                      text10       001243
_fputs                      text9        00110A
_hour                       bssBANK1     0000ED
_labs                       text13       001F9B
_main                       maintext     0016B2
_memcpy                     text12       0010BD
_min                        bssBANK1     0000EE
_month                      bssBANK1     0000EA
_pad                        text8        000005
_prec                       bssBANK0     00006B
_putch                      text11       000004
_read_prec_or_width         text4        001299
_rtc_int                    text32       001FB0
_rtc_nak                    text30       001F5D
_rtc_read                   text29       001F7E
_rtc_read_byte              text25       0011BD
_rtc_res                    text28       001F4B
_rtc_send                   text27       001F8A
_rtc_stop                   text26       001F54
_sec                        bssBANK1     0000EF
_sprintf                    text1        00102D
_strcpy                     text7        001FC6
_vfpfcnvrt                  text3        00158F
_vfprintf                   text2        001134
_waitmssp                   text31       001F3B
_width                      bssBANK0     000069
_year                       bssBANK1     0000E9
btemp                       (abs)        00007E
clear_ram0                  clrtext      001F43
convd@bcd                   cstackCOMMON 000070
convup@bcd                  cstackCOMMON 000071
efgtoa@c                    cstackBANK0  000045
efgtoa@d                    cstackBANK1  0000AB
efgtoa@e                    cstackBANK1  0000B0
efgtoa@f                    cstackBANK0  000041
efgtoa@fp                   cstackBANK1  0000AF
efgtoa@g                    cstackBANK1  0000C5
efgtoa@h                    cstackBANK1  0000BA
efgtoa@i                    cstackBANK1  0000B8
efgtoa@l                    cstackBANK1  0000BE
efgtoa@m                    cstackBANK1  0000AD
efgtoa@mode                 cstackBANK1  0000A9
efgtoa@n                    cstackBANK1  0000C3
efgtoa@ne                   cstackBANK1  0000A0
efgtoa@nmode                cstackBANK1  0000AA
efgtoa@ou                   cstackBANK1  0000B4
efgtoa@p                    cstackBANK1  0000A2
efgtoa@pp                   cstackBANK1  0000A8
efgtoa@sign                 cstackBANK1  0000C2
efgtoa@t                    cstackBANK1  0000A4
efgtoa@u                    cstackBANK1  0000C9
efgtoa@w                    cstackBANK1  0000B2
end_of_initialization       cinit        0007FC
floorf@F521                 bssBANK1     0000E4
floorf@e                    cstackBANK0  00003B
floorf@m                    cstackBANK0  000037
floorf@u                    cstackBANK0  00003D
floorf@x                    cstackBANK0  00002D
fputc@c                     cstackCOMMON 000070
fputc@fp                    cstackCOMMON 000072
fputs@c                     cstackBANK0  000020
fputs@fp                    cstackCOMMON 000078
fputs@i                     cstackBANK0  000021
fputs@s                     cstackBANK0  000023
intlevel0                   functab      000000
intlevel1                   functab      000000
intlevel2                   functab      000000
intlevel3                   functab      000000
intlevel4                   functab      000000
intlevel5                   functab      000000
labs@a                      cstackCOMMON 000070
main@Temp                   cstackBANK1  0000D4
memcpy@d                    cstackCOMMON 000075
memcpy@d1                   cstackCOMMON 000074
memcpy@n                    cstackCOMMON 000071
memcpy@s                    cstackCOMMON 000076
memcpy@s1                   cstackCOMMON 000070
memcpy@tmp                  cstackCOMMON 000073
pad@buf                     cstackCOMMON 00007B
pad@fp                      cstackBANK0  000027
pad@i                       cstackBANK0  000025
pad@p                       cstackCOMMON 00007C
pnum$text6                  (abs)        000011
pnum$text6_split_1          (abs)        000033
psplit$0                    (abs)        110033
read_prec_or_width@ap       cstackCOMMON 000076
read_prec_or_width@c        cstackCOMMON 000078
read_prec_or_width@fmt      cstackCOMMON 00007B
read_prec_or_width@n        cstackCOMMON 000079
reset_vec                   reset_vec    000000
rtc_read_byte@addr          cstackCOMMON 000071
rtc_read_byte@rec           cstackCOMMON 000072
rtc_send@a                  cstackCOMMON 000070
sprintf@ap                  cstackBANK0  000057
sprintf@f                   cstackBANK0  000058
sprintf@fmt                 cstackBANK1  0000D1
sprintf@s                   cstackBANK0  000056
start                       init         000000
start_initialization        cinit        0007E2
strcpy@d                    cstackCOMMON 000071
strcpy@dest                 cstackCOMMON 000072
strcpy@src                  cstackCOMMON 000070
vfpfcnvrt@ap                cstackBANK1  0000CE
vfpfcnvrt@c                 cstackBANK0  000051
vfpfcnvrt@convarg           cstackBANK0  00004C
vfpfcnvrt@cp                cstackBANK0  000052
vfpfcnvrt@fmt               cstackBANK1  0000CD
vfpfcnvrt@fp                cstackBANK0  000050
vfprintf@ap                 cstackBANK1  0000D0
vfprintf@cfmt               cstackBANK0  000054
vfprintf@fmt                cstackBANK1  0000CF
vfprintf@fp                 cstackBANK0  000053
wtemp0                      (abs)        00007E


MODULE INFORMATION

Module		Function		Class		Link	Load	Size
C:\Program Files\Microchip\xc8\v2.45\pic\sources\c99\common\Umul16.c
		___wmul        		CODE           	1072	0000	37

C:\Program Files\Microchip\xc8\v2.45\pic\sources\c99\common\Umul16.c estimated size: 37

C:\Program Files\Microchip\xc8\v2.45\pic\sources\c99\common\fleq.c
		___fleq        		CODE           	11F5	0000	78

C:\Program Files\Microchip\xc8\v2.45\pic\sources\c99\common\fleq.c estimated size: 78

C:\Program Files\Microchip\xc8\v2.45\pic\sources\c99\common\memcpy.c
		_memcpy        		CODE           	10BD	0000	38

C:\Program Files\Microchip\xc8\v2.45\pic\sources\c99\common\memcpy.c estimated size: 38

C:\Program Files\Microchip\xc8\v2.45\pic\sources\c99\common\flneg.c
		___flneg       		CODE           	1F67	0000	11

C:\Program Files\Microchip\xc8\v2.45\pic\sources\c99\common\flneg.c estimated size: 11

C:\Program Files\Microchip\xc8\v2.45\pic\sources\c99\common\sprcmul.c
		___flmul       		CODE           	0CBB	0000	837

C:\Program Files\Microchip\xc8\v2.45\pic\sources\c99\common\sprcmul.c estimated size: 837

C:\Program Files\Microchip\xc8\v2.45\pic\sources\c99\common\labs.c
		_labs          		CODE           	1F9B	0000	21

C:\Program Files\Microchip\xc8\v2.45\pic\sources\c99\common\labs.c estimated size: 21

C:\Program Files\Microchip\xc8\v2.45\pic\sources\c99\common\nf_fputs.c
		_fputs         		CODE           	110A	0000	42

C:\Program Files\Microchip\xc8\v2.45\pic\sources\c99\common\nf_fputs.c estimated size: 42

C:\Program Files\Microchip\xc8\v2.45\pic\sources\c99\common\sprcdiv.c
		___fldiv       		CODE           	0882	0000	469

C:\Program Files\Microchip\xc8\v2.45\pic\sources\c99\common\sprcdiv.c estimated size: 469

C:\Program Files\Microchip\xc8\v2.45\pic\sources\c99\common\floorf.c
		_floorf        		CODE           	1367	0000	271

C:\Program Files\Microchip\xc8\v2.45\pic\sources\c99\common\floorf.c estimated size: 271

C:\Program Files\Microchip\xc8\v2.45\pic\sources\c99\common\nf_sprintf.c
		_sprintf       		CODE           	102D	0000	33

C:\Program Files\Microchip\xc8\v2.45\pic\sources\c99\common\nf_sprintf.c estimated size: 33

C:\Program Files\Microchip\xc8\v2.45\pic\sources\c99\common\putch.c
		_putch         		CODE           	0004	0000	1

C:\Program Files\Microchip\xc8\v2.45\pic\sources\c99\common\putch.c estimated size: 1

C:\Program Files\Microchip\xc8\v2.45\pic\sources\c99\common\flge.c
		___flge        		CODE           	003F	0000	164

C:\Program Files\Microchip\xc8\v2.45\pic\sources\c99\common\flge.c estimated size: 164

shared
		__stringtab    		STRING         	1000	0000	16
		__initialization		CODE           	07E2	0000	26

shared estimated size: 42

C:\Program Files\Microchip\xc8\v2.45\pic\sources\c99\common\__fpclassifyf.c
		___fpclassifyf 		CODE           	0803	0000	127

C:\Program Files\Microchip\xc8\v2.45\pic\sources\c99\common\__fpclassifyf.c estimated size: 127

C:\Program Files\Microchip\xc8\v2.45\pic\sources\c99\common\strcpy.c
		_strcpy        		CODE           	1FC6	0000	27

C:\Program Files\Microchip\xc8\v2.45\pic\sources\c99\common\strcpy.c estimated size: 27

C:\Program Files\Microchip\xc8\v2.45\pic\sources\c99\common\Umul8_16.c
		__Umul8_16     		CODE           	10E3	0000	39

C:\Program Files\Microchip\xc8\v2.45\pic\sources\c99\common\Umul8_16.c estimated size: 39

C:\Program Files\Microchip\xc8\v2.45\pic\sources\c99\common\sprcadd.c
		___flsub       		CODE           	104E	0000	36
		___fladd       		CODE           	0A57	0000	612

C:\Program Files\Microchip\xc8\v2.45\pic\sources\c99\common\sprcadd.c estimated size: 648

main.c
		_LCD_String    		CODE           	1097	0000	38
		_convup        		CODE           	1F72	0000	12
		_LCD_Init      		CODE           	1FE1	0000	31
		_rtc_nak       		CODE           	1F5D	0000	10
		_LCD_Cmd       		CODE           	115F	0000	47
		_rtc_stop      		CODE           	1F54	0000	9
		_LCD_Data      		CODE           	118E	0000	47
		_main          		CODE           	16B2	0000	334
		_rtc_read      		CODE           	1F7E	0000	12
		_waitmssp      		CODE           	1F3B	0000	8
		_rtc_send      		CODE           	1F8A	0000	17
		_rtc_read_byte 		CODE           	11BD	0000	56
		_convd         		CODE           	1028	0000	5
		_rtc_res       		CODE           	1F4B	0000	9
		_rtc_int       		CODE           	1FB0	0000	22

main.c estimated size: 657

C:\Program Files\Microchip\xc8\v2.45\pic\sources\c99\common\nf_fputc.c
		_fputc         		CODE           	1243	0000	86

C:\Program Files\Microchip\xc8\v2.45\pic\sources\c99\common\nf_fputc.c estimated size: 86

C:\Program Files\Microchip\xc8\v2.45\pic\sources\c99\common\doprnt.c
		_read_prec_or_width		CODE           	1299	0000	88
		_vfpfcnvrt     		CODE           	158F	0000	291
		_efgtoa        		CODE           	1476	0000	2072
		_pad           		CODE           	0005	0000	58
		_vfprintf      		CODE           	1134	0000	43

C:\Program Files\Microchip\xc8\v2.45\pic\sources\c99\common\doprnt.c estimated size: 2552

C:\Program Files\Microchip\xc8\v2.45\pic\sources\c99\common\fltol.c
		___fltol       		CODE           	12F1	0000	118

C:\Program Files\Microchip\xc8\v2.45\pic\sources\c99\common\fltol.c estimated size: 118

