Microchip MPLAB XC8 Compiler V2.45

Linker command line:

-W-3 \
  --edf=C:\Program Files\Microchip\xc8\v2.45\pic\dat\20230818022343_en.msgs \
  -cn -h+dist/default/debug\DS1307.X.debug.sym \
  --cmf=dist/default/debug\DS1307.X.debug.cmf -z -Q16F877A \
  -oC:\Users\Khanh\AppData\Local\Temp\xcAshlo.\driver_tmp_3.o \
  --defsym=__MPLAB_BUILD=1 --fixupoverflow=error \
  -Mdist/default/debug/DS1307.X.debug.map \
  --md=C:\Users\Khanh\AppData\Local\Temp\xcAshlo.\driver_tmp_0.dat -E1 \
  -ver=XC8 Compiler --acfsm=1493 -ACODE=00h-07FFhx4 -ASTRCODE=00h-01FFFh \
  -ASTRING=00h-0FFhx32 -ACONST=00h-0FFhx32 -AENTRY=00h-0FFhx32 \
  -ACOMMON=070h-07Fh -ABANK0=020h-06Fh -ABANK1=0A0h-0EFh \
  -ABANK2=0110h-016Fh -ABANK3=0190h-01EFh \
  -ARAM=020h-06Fh,0A0h-0EFh,0110h-016Fh,0190h-01EFh \
  -AABS1=020h-07Fh,0A0h-0EFh,0110h-016Fh,0190h-01EFh -ASFR0=00h-01Fh \
  -ASFR1=080h-09Fh -ASFR2=0100h-010Fh -ASFR3=0180h-018Fh \
  -ACONFIG=02007h-02007h -DCONFIG=2 -AIDLOC=02000h-02003h -DIDLOC=2 \
  -AEEDATA=00h-0FFh/02100h -peeprom_data=EEDATA -DEEDATA=2 -DCODE=2 \
  -DSTRCODE=2 -DSTRING=2 -DCONST=2 -DENTRY=2 \
  -preset_vec=00h,intentry,init,end_init -ppowerup=CODE -pcinit=CODE \
  -pfunctab=ENTRY -k \
  C:\Users\Khanh\AppData\Local\Temp\xcAshlo.\driver_tmp_12.o \
  dist/default/debug\DS1307.X.debug.o 

Object code version is 3.11

Machine type is 16F877A



                Name                               Link     Load   Length Selector   Space Scale
C:\Users\Khanh\AppData\Local\Temp\xcAshlo.\driver_tmp_12.o
                end_init                              0        0        3        0       0
                config                             2007     2007        1        0       4
dist/default/debug\DS1307.X.debug.o
                cinit                               7F5      7F5        B      FEA       0
                config                             2007     2007        1        0       4
                text14                              663      663       2F      CC6       0
                text13                              625      625       1F      C4A       0
                text12                              692      692       2F      D24       0
                text11                              644      644       1F      C88       0
                text10                              5BD      5BD        5      B7A       0
                text9                               5E6      5E6        C      BCC       0
                text8                               60F      60F       16      C1E       0
                text7                               5C2      5C2        8      B84       0
                text6                               5DC      5DC        A      BB8       0
                text5                               5F2      5F2        C      BE4       0
                text4                               5CA      5CA        9      B94       0
                text3                               5FE      5FE       11      BFC       0
                text2                               5D3      5D3        9      BA6       0
                text1                               6C1      6C1       38      D82       0
                maintext                            6F9      6F9       FC      DF2       0
                cstackCOMMON                         77       77        4       70       1
                bssCOMMON                            70       70        7       70       1
                strings                               3        3        F        6       0

TOTAL           Name                               Link     Load   Length     Space
        CLASS   CODE           
                end_init                              0        0        3         0
                cinit                               7F5      7F5        B         0
                text14                              663      663       2F         0
                text13                              625      625       1F         0
                text12                              692      692       2F         0
                text11                              644      644       1F         0
                text10                              5BD      5BD        5         0
                text9                               5E6      5E6        C         0
                text8                               60F      60F       16         0
                text7                               5C2      5C2        8         0
                text6                               5DC      5DC        A         0
                text5                               5F2      5F2        C         0
                text4                               5CA      5CA        9         0
                text3                               5FE      5FE       11         0
                text2                               5D3      5D3        9         0
                text1                               6C1      6C1       38         0
                maintext                            6F9      6F9       FC         0

        CLASS   STRCODE        

        CLASS   STRING         
                strings                               3        3        F         0

        CLASS   CONST          

        CLASS   ENTRY          

        CLASS   COMMON         
                cstackCOMMON                         77       77        4         1
                bssCOMMON                            70       70        7         1

        CLASS   BANK0          

        CLASS   BANK1          

        CLASS   BANK2          

        CLASS   BANK3          

        CLASS   RAM            

        CLASS   ABS1           
                abs_s1                               7E       7E        2         1

        CLASS   SFR0           

        CLASS   SFR1           

        CLASS   SFR2           

        CLASS   SFR3           

        CLASS   CONFIG         
                config                             2007     2007        1         4

        CLASS   IDLOC          

        CLASS   EEDATA         

        CLASS   HEAP           

        CLASS   STACK          



SEGMENTS        Name                           Load    Length   Top    Selector   Space  Class     Delta

                reset_vec                      000000  000003  000003         0       0  CODE        2
                strings                        000003  00000F  000012         6       0  STRING      2
                bssCOMMON                      000070  00000B  00007B        70       1  COMMON      1
                text10                         0005BD  000005  0005C2       B7A       0  CODE        2
                text7                          0005C2  000008  0005CA       B84       0  CODE        2
                text4                          0005CA  000009  0005D3       B94       0  CODE        2
                text2                          0005D3  000009  0005DC       BA6       0  CODE        2
                text6                          0005DC  00000A  0005E6       BB8       0  CODE        2
                text9                          0005E6  00000C  0005F2       BCC       0  CODE        2
                text5                          0005F2  00000C  0005FE       BE4       0  CODE        2
                text3                          0005FE  000011  00060F       BFC       0  CODE        2
                text8                          00060F  000016  000625       C1E       0  CODE        2
                text13                         000625  00001F  000644       C4A       0  CODE        2
                text11                         000644  00001F  000663       C88       0  CODE        2
                text14                         000663  00002F  000692       CC6       0  CODE        2
                text12                         000692  00002F  0006C1       D24       0  CODE        2
                text1                          0006C1  000038  0006F9       D82       0  CODE        2
                maintext                       0006F9  0000FC  0007F5       DF2       0  CODE        2
                cinit                          0007F5  00000B  000800       FEA       0  CODE        2


UNUSED ADDRESS RANGES

        Name                Unused          Largest block    Delta
        BANK0            0020-006F             50           1
        BANK1            00A0-00EF             50           1
        BANK2            0110-016F             60           1
        BANK3            0190-01EF             60           1
        CODE             0012-05BC            5AB           2
                         0800-1FFF            800
        COMMON           007B-007D              3           1
        CONST            0012-05BC            100           2
                         0800-1FFF            100
        EEDATA           2100-21FF            100           2
        ENTRY            0012-05BC            100           2
                         0800-1FFF            100
        IDLOC            2000-2003              4           2
        RAM              0020-006F             50           1
                         00A0-00EF             50
                         0110-016F             60
                         0190-01EF             60
        SFR0             0000-001F             20           1
        SFR1             0080-009F             20           1
        SFR2             0100-010F             10           1
        SFR3             0180-018F             10           1
        STRCODE          0012-05BC            5AB           2
                         0800-1FFF           1800
        STRING           0012-05BC            100           2
                         0800-1FFF            100

                                  Symbol Table

LCD_Cmd@data             cstackCOMMON 0079
LCD_Data@data            cstackCOMMON 0079
LCD_String@s             cstackCOMMON 007A
_ACKDT                   (abs)        048D
_ACKEN                   (abs)        048C
_ACKSTAT                 (abs)        048E
_LCD_Cmd                 text14       0663
_LCD_Data                text12       0692
_LCD_Init                text13       0625
_LCD_String              text11       0644
_PEN                     (abs)        048A
_PORTB                   (abs)        0006
_PORTBbits               (abs)        0006
_RCEN                    (abs)        048B
_RSEN                    (abs)        0489
_SEN                     (abs)        0488
_SSPADD                  (abs)        0093
_SSPBUF                  (abs)        0013
_SSPCON                  (abs)        0014
_SSPIF                   (abs)        0063
_TRISB                   (abs)        0086
_TRISC3                  (abs)        043B
_TRISC4                  (abs)        043C
__H__absolute__          __absolute__ 0000
__Habs1                  abs1         0000
__Hbank0                 bank0        0000
__Hbank1                 bank1        0000
__Hbank2                 bank2        0000
__Hbank3                 bank3        0000
__HbssCOMMON             bssCOMMON    0000
__Hcinit                 cinit        0800
__Hclrtext               clrtext      0000
__Hcode                  code         0000
__Hcommon                common       0000
__Hconfig                config       2008
__HcstackCOMMON          cstackCOMMON 0000
__Heeprom_data           eeprom_data  0000
__Hend_init              end_init     0003
__Hfunctab               functab      0000
__Hheap                  heap         0000
__Hinit                  init         0000
__Hintentry              intentry     0000
__Hmaintext              maintext     0000
__Hpowerup               powerup      0000
__Hram                   ram          0000
__Hreset_vec             reset_vec    0000
__Hsfr0                  sfr0         0000
__Hsfr1                  sfr1         0000
__Hsfr2                  sfr2         0000
__Hsfr3                  sfr3         0000
__Hspace_0               (abs)        0800
__Hspace_1               (abs)        007B
__Hspace_2               (abs)        0000
__Hspace_3               (abs)        0000
__Hspace_4               (abs)        400F
__Hstack                 stack        0000
__Hstrings               strings      0000
__Htext                  text         0000
__L__absolute__          __absolute__ 0000
__Labs1                  abs1         0000
__Lbank0                 bank0        0000
__Lbank1                 bank1        0000
__Lbank2                 bank2        0000
__Lbank3                 bank3        0000
__LbssCOMMON             bssCOMMON    0000
__Lcinit                 cinit        07F5
__Lclrtext               clrtext      0000
__Lcode                  code         0000
__Lcommon                common       0000
__Lconfig                config       0000
__LcstackCOMMON          cstackCOMMON 0000
__Leeprom_data           eeprom_data  0000
__Lend_init              end_init     0000
__Lfunctab               functab      0000
__Lheap                  heap         0000
__Linit                  init         0000
__Lintentry              intentry     0000
__Lmaintext              maintext     0000
__Lpowerup               powerup      0000
__Lram                   ram          0000
__Lreset_vec             reset_vec    0000
__Lsfr0                  sfr0         0000
__Lsfr1                  sfr1         0000
__Lsfr2                  sfr2         0000
__Lsfr3                  sfr3         0000
__Lspace_0               (abs)        0000
__Lspace_1               (abs)        0000
__Lspace_2               (abs)        0000
__Lspace_3               (abs)        0000
__Lspace_4               (abs)        0000
__Lstack                 stack        0000
__Lstrings               strings      0000
__Ltext                  text         0000
__S0                     (abs)        0800
__S1                     (abs)        007B
__S3                     (abs)        0000
___heap_hi               (abs)        0000
___heap_lo               (abs)        0000
___int_sp                stack        0000
___int_stack_hi          stack        0000
___int_stack_lo          stack        0000
___latbits               (abs)        0002
___sp                    stack        0000
___stack_hi              stack        0000
___stack_lo              stack        0000
___stackhi               (abs)        0000
___stacklo               (abs)        0000
__end_of_LCD_Cmd         text14       0692
__end_of_LCD_Data        text12       06C1
__end_of_LCD_Init        text13       0644
__end_of_LCD_String      text11       0663
__end_of__initialization cinit        07FC
__end_of__stringtab      strings      0009
__end_of_convd           text10       05C2
__end_of_convup          text9        05F2
__end_of_main            maintext     07F5
__end_of_rtc_int         text8        0625
__end_of_rtc_nak         text6        05E6
__end_of_rtc_read        text5        05FE
__end_of_rtc_read_byte   text1        06F9
__end_of_rtc_res         text4        05D3
__end_of_rtc_send        text3        060F
__end_of_rtc_stop        text2        05DC
__end_of_waitmssp        text7        05CA
__initialization         cinit        07F5
__pbssCOMMON             bssCOMMON    0070
__pcstackCOMMON          cstackCOMMON 0077
__pmaintext              maintext     06F9
__pstrings               strings      0003
__ptext1                 text1        06C1
__ptext10                text10       05BD
__ptext11                text11       0644
__ptext12                text12       0692
__ptext13                text13       0625
__ptext14                text14       0663
__ptext2                 text2        05D3
__ptext3                 text3        05FE
__ptext4                 text4        05CA
__ptext5                 text5        05F2
__ptext6                 text6        05DC
__ptext7                 text7        05C2
__ptext8                 text8        060F
__ptext9                 text9        05E6
__stringbase             strings      0008
__stringtab              strings      0003
_convd                   text10       05BD
_convup                  text9        05E6
_date                    bssCOMMON    0072
_day                     bssCOMMON    0073
_hour                    bssCOMMON    0074
_main                    maintext     06F9
_min                     bssCOMMON    0075
_month                   bssCOMMON    0071
_rtc_int                 text8        060F
_rtc_nak                 text6        05DC
_rtc_read                text5        05F2
_rtc_read_byte           text1        06C1
_rtc_res                 text4        05CA
_rtc_send                text3        05FE
_rtc_stop                text2        05D3
_sec                     bssCOMMON    0076
_waitmssp                text7        05C2
_year                    bssCOMMON    0070
btemp                    (abs)        007E
convd@bcd                cstackCOMMON 0077
convup@bcd               cstackCOMMON 0078
end_of_initialization    cinit        07FC
intlevel0                functab      0000
intlevel1                functab      0000
intlevel2                functab      0000
intlevel3                functab      0000
intlevel4                functab      0000
intlevel5                functab      0000
reset_vec                reset_vec    0000
rtc_read_byte@addr       cstackCOMMON 0078
rtc_read_byte@rec        cstackCOMMON 0079
rtc_send@a               cstackCOMMON 0077
start                    init         0000
start_initialization     cinit        07F5
wtemp0                   (abs)        007E


MODULE INFORMATION

Module		Function		Class		Link	Load	Size
shared
		__stringtab    		STRING         	0003	0000	6
		__initialization		CODE           	07F5	0000	7

shared estimated size: 13

main.c
		_LCD_String    		CODE           	0644	0000	31
		_convup        		CODE           	05E6	0000	12
		_LCD_Init      		CODE           	0625	0000	31
		_rtc_nak       		CODE           	05DC	0000	10
		_LCD_Cmd       		CODE           	0663	0000	47
		_rtc_stop      		CODE           	05D3	0000	9
		_LCD_Data      		CODE           	0692	0000	47
		_main          		CODE           	06F9	0000	252
		_rtc_read      		CODE           	05F2	0000	12
		_waitmssp      		CODE           	05C2	0000	8
		_rtc_send      		CODE           	05FE	0000	17
		_rtc_read_byte 		CODE           	06C1	0000	56
		_convd         		CODE           	05BD	0000	5
		_rtc_res       		CODE           	05CA	0000	9
		_rtc_int       		CODE           	060F	0000	22

main.c estimated size: 568

